Using pre-set license
Built from '2023.2/china_unity/20f1' branch; Version is '2023.2.20f1c1 (ceda3f59bbc9) revision 13556287'; Using compiler version '193431935'; Build Type 'Release'
OS: 'Windows 11  (10.0.26100) 64bit ProfessionalWorkstation' Language: 'zh' Physical Memory: 40768 MB
BatchMode: 1, IsHumanControllingUs: 0, StartBugReporterOnCrash: 0, Is64bit: 1, IsPro: 1

COMMAND LINE ARGUMENTS:
E:\code\unity hub\----Unity_editor\2023.2.20f1c1\Editor\Unity.exe
-adb2
-batchMode
-noUpm
-name
AssetImportWorker1
-projectPath
G:/北理本科/大三下/游戏开发/Azoo/Azoo
-logFile
Logs/AssetImportWorker1.log
-srvPort
56417
-job-worker-count
9
-background-job-worker-count
8
-asset-garbage-collectors
1
Successfully changed project path to: G:/北理本科/大三下/游戏开发/Azoo/Azoo
G:/北理本科/大三下/游戏开发/Azoo/Azoo
[UnityMemory] Configuration Parameters - Can be set up in boot.config
    "memorysetup-bucket-allocator-granularity=16"
    "memorysetup-bucket-allocator-bucket-count=8"
    "memorysetup-bucket-allocator-block-size=33554432"
    "memorysetup-bucket-allocator-block-count=8"
    "memorysetup-main-allocator-block-size=16777216"
    "memorysetup-thread-allocator-block-size=16777216"
    "memorysetup-gfx-main-allocator-block-size=16777216"
    "memorysetup-gfx-thread-allocator-block-size=16777216"
    "memorysetup-cache-allocator-block-size=4194304"
    "memorysetup-typetree-allocator-block-size=2097152"
    "memorysetup-profiler-bucket-allocator-granularity=16"
    "memorysetup-profiler-bucket-allocator-bucket-count=8"
    "memorysetup-profiler-bucket-allocator-block-size=33554432"
    "memorysetup-profiler-bucket-allocator-block-count=8"
    "memorysetup-profiler-allocator-block-size=16777216"
    "memorysetup-profiler-editor-allocator-block-size=1048576"
    "memorysetup-temp-allocator-size-main=16777216"
    "memorysetup-job-temp-allocator-block-size=2097152"
    "memorysetup-job-temp-allocator-block-size-background=1048576"
    "memorysetup-job-temp-allocator-reduction-small-platforms=262144"
    "memorysetup-allocator-temp-initial-block-size-main=262144"
    "memorysetup-allocator-temp-initial-block-size-worker=262144"
    "memorysetup-temp-allocator-size-background-worker=32768"
    "memorysetup-temp-allocator-size-job-worker=262144"
    "memorysetup-temp-allocator-size-preload-manager=33554432"
    "memorysetup-temp-allocator-size-nav-mesh-worker=65536"
    "memorysetup-temp-allocator-size-audio-worker=65536"
    "memorysetup-temp-allocator-size-cloud-worker=32768"
    "memorysetup-temp-allocator-size-gi-baking-worker=262144"
    "memorysetup-temp-allocator-size-gi-baking-worker=262144"
    "memorysetup-temp-allocator-size-gi-baking-worker=262144"
    "memorysetup-temp-allocator-size-gi-baking-worker=262144"
    "memorysetup-temp-allocator-size-gfx=262144"
Player connection [25612] Host "[IP] 192.168.56.1 [Port] 0 [Flags] 2 [Guid] 3435986254 [EditorId] 3435986254 [Version] 1048832 [Id] WindowsEditor(7,QIERXIE-NB0) [Debug] 1 [PackageName] WindowsEditor [ProjectName] Editor" joined multi-casting on [225.0.0.222:54997]...
Player connection [25612] Host "[IP] 192.168.56.1 [Port] 0 [Flags] 2 [Guid] 3435986254 [EditorId] 3435986254 [Version] 1048832 [Id] WindowsEditor(7,QIERXIE-NB0) [Debug] 1 [PackageName] WindowsEditor [ProjectName] Editor" joined alternative multi-casting on [225.0.0.222:34997]...
JobSystem: Creating JobQueue using job-worker-count value 9
[Physics::Module] Initialized MultithreadedJobDispatcher with 9 workers.
Library Redirect Path: Library/
Refreshing native plugins compatible for Editor in 0.80 ms, found 3 plugins.
Preloading 0 native plugins for Editor in 0.00 ms.
Initialize engine version: 2023.2.20f1c1 (ceda3f59bbc9)
[Subsystems] Discovering subsystems at path E:/code/unity hub/----Unity_editor/2023.2.20f1c1/Editor/Data/Resources/UnitySubsystems
[Subsystems] Discovering subsystems at path G:/北理本科/大三下/游戏开发/Azoo/Azoo/Assets
GfxDevice: creating device client; kGfxThreadingModeNonThreaded
Direct3D:
    Version:  Direct3D 11.0 [level 11.1]
    Renderer: NVIDIA GeForce RTX 3060 Laptop GPU (ID=0x2560)
    Vendor:   NVIDIA
    VRAM:     5996 MB
    Driver:   32.0.15.7283
Shader 'MoreMountains/MMRipple': fallback shader 'Particle/AlphaBlended' not found
Initialize mono
Mono path[0] = 'E:/code/unity hub/----Unity_editor/2023.2.20f1c1/Editor/Data/Managed'
Mono path[1] = 'E:/code/unity hub/----Unity_editor/2023.2.20f1c1/Editor/Data/MonoBleedingEdge/lib/mono/unityjit-win32'
Mono config path = 'E:/code/unity hub/----Unity_editor/2023.2.20f1c1/Editor/Data/MonoBleedingEdge/etc'
Using monoOptions --debugger-agent=transport=dt_socket,embedding=1,server=y,suspend=n,address=127.0.0.1:56240
Begin MonoManager ReloadAssembly
Registering precompiled unity dll's ...
Register platform support module: E:/code/unity hub/----Unity_editor/2023.2.20f1c1/Editor/Data/PlaybackEngines/WindowsStandaloneSupport/UnityEditor.WindowsStandalone.Extensions.dll
Registered in 0.004549 seconds.
- Loaded All Assemblies, in  0.366 seconds
Native extension for WindowsStandalone target not found
Mono: successfully reloaded assembly
- Finished resetting the current domain, in  0.248 seconds
Domain Reload Profiling: 608ms
	BeginReloadAssembly (134ms)
		ExecutionOrderSort (0ms)
		DisableScriptedObjects (0ms)
		BackupInstance (0ms)
		ReleaseScriptingObjects (0ms)
		CreateAndSetChildDomain (1ms)
	RebuildCommonClasses (32ms)
	RebuildNativeTypeToScriptingClass (9ms)
	initialDomainReloadingComplete (53ms)
	LoadAllAssembliesAndSetupDomain (131ms)
		LoadAssemblies (128ms)
		RebuildTransferFunctionScriptingTraits (0ms)
		AnalyzeDomain (129ms)
			TypeCache.Refresh (128ms)
				TypeCache.ScanAssembly (116ms)
			BuildScriptInfoCaches (0ms)
			ResolveRequiredComponents (0ms)
	FinalizeReload (249ms)
		ReleaseScriptCaches (0ms)
		RebuildScriptCaches (0ms)
		SetupLoadedEditorAssemblies (202ms)
			LogAssemblyErrors (0ms)
			InitializePlatformSupportModulesInManaged (9ms)
			SetLoadedEditorAssemblies (4ms)
			BeforeProcessingInitializeOnLoad (5ms)
			ProcessInitializeOnLoadAttributes (147ms)
			ProcessInitializeOnLoadMethodAttributes (38ms)
			AfterProcessingInitializeOnLoad (0ms)
			EditorAssembliesLoaded (0ms)
		ExecutionOrderSort2 (0ms)
		AwakeInstancesAfterBackupRestoration (0ms)
========================================================================
Worker process is ready to serve import requests
Import Worker Mode flag is 0x00
Begin MonoManager ReloadAssembly
Symbol file LoadedFromMemory doesn't match image G:\北理本科\大三下\游戏开发\Azoo\Azoo\Library\PackageCache\com.unity.visualscripting@1.8.0\Editor\VisualScripting.Core\Dependencies\YamlDotNet\Unity.VisualScripting.YamlDotNet.dll
Symbol file LoadedFromMemory doesn't match image G:\北理本科\大三下\游戏开发\Azoo\Azoo\Library\PackageCache\com.unity.visualscripting@1.8.0\Editor\VisualScripting.Core\Dependencies\DotNetZip\Unity.VisualScripting.IonicZip.dll
- Loaded All Assemblies, in  0.951 seconds
Refreshing native plugins compatible for Editor in 0.45 ms, found 3 plugins.
Native extension for WindowsStandalone target not found
Mono: successfully reloaded assembly
- Finished resetting the current domain, in  0.633 seconds
Domain Reload Profiling: 1578ms
	BeginReloadAssembly (394ms)
		ExecutionOrderSort (0ms)
		DisableScriptedObjects (4ms)
		BackupInstance (0ms)
		ReleaseScriptingObjects (0ms)
		CreateAndSetChildDomain (25ms)
	RebuildCommonClasses (32ms)
	RebuildNativeTypeToScriptingClass (9ms)
	initialDomainReloadingComplete (40ms)
	LoadAllAssembliesAndSetupDomain (469ms)
		LoadAssemblies (375ms)
		RebuildTransferFunctionScriptingTraits (0ms)
		AnalyzeDomain (213ms)
			TypeCache.Refresh (164ms)
				TypeCache.ScanAssembly (149ms)
			BuildScriptInfoCaches (30ms)
			ResolveRequiredComponents (17ms)
	FinalizeReload (634ms)
		ReleaseScriptCaches (0ms)
		RebuildScriptCaches (0ms)
		SetupLoadedEditorAssemblies (426ms)
			LogAssemblyErrors (0ms)
			InitializePlatformSupportModulesInManaged (2ms)
			SetLoadedEditorAssemblies (4ms)
			BeforeProcessingInitializeOnLoad (56ms)
			ProcessInitializeOnLoadAttributes (321ms)
			ProcessInitializeOnLoadMethodAttributes (32ms)
			AfterProcessingInitializeOnLoad (11ms)
			EditorAssembliesLoaded (0ms)
		ExecutionOrderSort2 (0ms)
		AwakeInstancesAfterBackupRestoration (12ms)
Shader 'MoreMountains/MMRipple': fallback shader 'Particle/AlphaBlended' not found
Launched and connected shader compiler UnityShaderCompiler.exe after 0.01 seconds
Refreshing native plugins compatible for Editor in 0.73 ms, found 3 plugins.
Preloading 0 native plugins for Editor in 0.00 ms.
Unloading 202 Unused Serialized files (Serialized files now loaded: 0)
Unloading 6511 unused Assets / (4.9 MB). Loaded Objects now: 7232.
Memory consumption went from 270.9 MB to 265.9 MB.
Total: 9.632200 ms (FindLiveObjects: 0.611900 ms CreateObjectMapping: 0.491600 ms MarkObjects: 5.934200 ms  DeleteObjects: 2.590700 ms)

========================================================================
Received Import Request.
  Time since last request: 1668.090103 seconds.
  path: Assets/GeniusCrate_Games/Bathroom_Set/Model/Bathroom_props_set/Bathroom_props_Set01.fbx
  artifactKey: Guid(be0c31901f815854fbcfe8d0a3962c80) Importer(815301076,1909f56bfc062723c751e8b465ee728b)
Start importing Assets/GeniusCrate_Games/Bathroom_Set/Model/Bathroom_props_set/Bathroom_props_Set01.fbx using Guid(be0c31901f815854fbcfe8d0a3962c80) Importer(815301076,1909f56bfc062723c751e8b465ee728b) (PreviewImporter) -> (artifact id: 'e9b0b0d6ad115d88a69935440e5aea8f') in 1.4318023 seconds
Number of updated asset objects reloaded before import = 0Number of asset objects unloaded after import = 78

========================================================================
Received Import Request.
  Time since last request: 0.000053 seconds.
  path: Assets/GeniusCrate_Games/Bathroom_Set/Material/Bathroom_set/Bathroom_props_Set02_mat.mat
  artifactKey: Guid(f8a85891a15292c4789a4d391f9f4dd0) Importer(815301076,1909f56bfc062723c751e8b465ee728b)
Start importing Assets/GeniusCrate_Games/Bathroom_Set/Material/Bathroom_set/Bathroom_props_Set02_mat.mat using Guid(f8a85891a15292c4789a4d391f9f4dd0) Importer(815301076,1909f56bfc062723c751e8b465ee728b) (PreviewImporter) -> (artifact id: '1e8c1a61e63f17d698ca091c500444ab') in 0.0722589 seconds
Number of updated asset objects reloaded before import = 0Number of asset objects unloaded after import = 32

========================================================================
Received Import Request.
  Time since last request: 0.000039 seconds.
  path: Assets/GeniusCrate_Games/Bedroom_Set/Texture Maps/Bedroom_Set/Bed_03/Materials/Bed_sheet_pillow_Normal.mat
  artifactKey: Guid(f7f2bbd6f0e071047ac15275d43383d5) Importer(815301076,1909f56bfc062723c751e8b465ee728b)
Start importing Assets/GeniusCrate_Games/Bedroom_Set/Texture Maps/Bedroom_Set/Bed_03/Materials/Bed_sheet_pillow_Normal.mat using Guid(f7f2bbd6f0e071047ac15275d43383d5) Importer(815301076,1909f56bfc062723c751e8b465ee728b) (PreviewImporter) -> (artifact id: '3140d7ee402e2c7fb87899c61dbac450') in 0.0359829 seconds
Number of updated asset objects reloaded before import = 0Number of asset objects unloaded after import = 23

========================================================================
Received Import Request.
  Time since last request: 0.000025 seconds.
  path: Assets/Vegetation_Stylized_Pack_ByLuxArtStudios/Mesh/Bushes/S_Flowers_F.fbx
  artifactKey: Guid(7adefd0e9fd05184293e03a834af56dc) Importer(815301076,1909f56bfc062723c751e8b465ee728b)
Start importing Assets/Vegetation_Stylized_Pack_ByLuxArtStudios/Mesh/Bushes/S_Flowers_F.fbx using Guid(7adefd0e9fd05184293e03a834af56dc) Importer(815301076,1909f56bfc062723c751e8b465ee728b) (PreviewImporter) -> (artifact id: 'b687b784ae3f759b65011203c22a73a5') in 0.6953988 seconds
Number of updated asset objects reloaded before import = 0Number of asset objects unloaded after import = 30

========================================================================
Received Import Request.
  Time since last request: 0.000021 seconds.
  path: Assets/TopDownEngine/ThirdParty/MoreMountains/MMFeedbacks/Demos/MMFeedbacksDemo/Models/MMApple.fbx
  artifactKey: Guid(98ad67e4ae4dbb54eb05b761fb2a2c02) Importer(815301076,1909f56bfc062723c751e8b465ee728b)
Start importing Assets/TopDownEngine/ThirdParty/MoreMountains/MMFeedbacks/Demos/MMFeedbacksDemo/Models/MMApple.fbx using Guid(98ad67e4ae4dbb54eb05b761fb2a2c02) Importer(815301076,1909f56bfc062723c751e8b465ee728b) (PreviewImporter) -> (artifact id: '800ea6025adf55d7cf778748620503f1') in 0.0542605 seconds
Number of updated asset objects reloaded before import = 0Number of asset objects unloaded after import = 55

========================================================================
Received Import Request.
  Time since last request: 0.000029 seconds.
  path: Assets/Towers/Materials/1_Dish_Albedo.mat
  artifactKey: Guid(6b04698126f333a4ea66ba063f5094c5) Importer(815301076,1909f56bfc062723c751e8b465ee728b)
Start importing Assets/Towers/Materials/1_Dish_Albedo.mat using Guid(6b04698126f333a4ea66ba063f5094c5) Importer(815301076,1909f56bfc062723c751e8b465ee728b) (PreviewImporter) -> (artifact id: '61720411bd101e211a3b1a6e98aa6d64') in 0.0441492 seconds
Number of updated asset objects reloaded before import = 0Number of asset objects unloaded after import = 27

========================================================================
Received Import Request.
  Time since last request: 0.000029 seconds.
  path: Assets/GeniusCrate_Games/Bedroom_Set/Model/Bedroom_Set/Bed_Light.fbx
  artifactKey: Guid(b3cc80e96d6db154998e06a28ab96c5a) Importer(815301076,1909f56bfc062723c751e8b465ee728b)
Start importing Assets/GeniusCrate_Games/Bedroom_Set/Model/Bedroom_Set/Bed_Light.fbx using Guid(b3cc80e96d6db154998e06a28ab96c5a) Importer(815301076,1909f56bfc062723c751e8b465ee728b) (PreviewImporter) -> (artifact id: 'e68b9e326da24057d6154d307fbd6a77') in 0.0628052 seconds
Number of updated asset objects reloaded before import = 0Number of asset objects unloaded after import = 45

========================================================================
Received Import Request.
  Time since last request: 0.000022 seconds.
  path: Assets/Free Wood Door Pack/Mesh/Knob_2.FBX
  artifactKey: Guid(8fb3d1c2ac3340f468df743c47190f44) Importer(815301076,1909f56bfc062723c751e8b465ee728b)
Start importing Assets/Free Wood Door Pack/Mesh/Knob_2.FBX using Guid(8fb3d1c2ac3340f468df743c47190f44) Importer(815301076,1909f56bfc062723c751e8b465ee728b) (PreviewImporter) -> (artifact id: '660d7025d5c57c9cebad353866b31b86') in 0.0118184 seconds
Number of updated asset objects reloaded before import = 0Number of asset objects unloaded after import = 30

========================================================================
Received Import Request.
  Time since last request: 0.000019 seconds.
  path: Assets/GeniusCrate_Games/Bedroom_Set/Texture Maps/Bedroom_Set/Bed_03/Materials/Bed_sheet_pillow_BaseColor.mat
  artifactKey: Guid(ef65a6a9ad82e9d439cca2ea3af68a10) Importer(815301076,1909f56bfc062723c751e8b465ee728b)
Start importing Assets/GeniusCrate_Games/Bedroom_Set/Texture Maps/Bedroom_Set/Bed_03/Materials/Bed_sheet_pillow_BaseColor.mat using Guid(ef65a6a9ad82e9d439cca2ea3af68a10) Importer(815301076,1909f56bfc062723c751e8b465ee728b) (PreviewImporter) -> (artifact id: 'cd9415a47574373916ebea048c1f6e48') in 0.0094329 seconds
Number of updated asset objects reloaded before import = 0Number of asset objects unloaded after import = 23

========================================================================
Received Import Request.
  Time since last request: 0.000022 seconds.
  path: Assets/Vegetation_Stylized_Pack_ByLuxArtStudios/Mesh/Bushes/S_Fern_A.fbx
  artifactKey: Guid(0c98caeab6629a24aa1a2f838cac3393) Importer(815301076,1909f56bfc062723c751e8b465ee728b)
Start importing Assets/Vegetation_Stylized_Pack_ByLuxArtStudios/Mesh/Bushes/S_Fern_A.fbx using Guid(0c98caeab6629a24aa1a2f838cac3393) Importer(815301076,1909f56bfc062723c751e8b465ee728b) (PreviewImporter) -> (artifact id: '680ef037437d24e611db18d77604dcf4') in 0.0186478 seconds
Number of updated asset objects reloaded before import = 0Number of asset objects unloaded after import = 30

========================================================================
Received Import Request.
  Time since last request: 0.000022 seconds.
  path: Assets/PBR Folding Chairs/Materials/chFolding.A2.mat
  artifactKey: Guid(71a7737cded596849ad70f1cedd92ef7) Importer(815301076,1909f56bfc062723c751e8b465ee728b)
Start importing Assets/PBR Folding Chairs/Materials/chFolding.A2.mat using Guid(71a7737cded596849ad70f1cedd92ef7) Importer(815301076,1909f56bfc062723c751e8b465ee728b) (PreviewImporter) -> (artifact id: '69651d20242bb10907eed43f53438a50') in 0.0420203 seconds
Number of updated asset objects reloaded before import = 0Number of asset objects unloaded after import = 26

========================================================================
Received Import Request.
  Time since last request: 0.000047 seconds.
  path: Assets/Towers/Models/ladder.fbx
  artifactKey: Guid(0a3ea94e635410a49a84fd2ba68b53e7) Importer(815301076,1909f56bfc062723c751e8b465ee728b)
Start importing Assets/Towers/Models/ladder.fbx using Guid(0a3ea94e635410a49a84fd2ba68b53e7) Importer(815301076,1909f56bfc062723c751e8b465ee728b) (PreviewImporter) -> (artifact id: 'e81a9245958223a02717aaff25290bdd') in 0.0232731 seconds
Number of updated asset objects reloaded before import = 0Number of asset objects unloaded after import = 34

========================================================================
Received Import Request.
  Time since last request: 0.000020 seconds.
  path: Assets/Vegetation_Stylized_Pack_ByLuxArtStudios/Mesh/Bushes/S_Cattail_A.fbx
  artifactKey: Guid(a9fe087251d05ee479b0ad6bee6a1959) Importer(815301076,1909f56bfc062723c751e8b465ee728b)
Start importing Assets/Vegetation_Stylized_Pack_ByLuxArtStudios/Mesh/Bushes/S_Cattail_A.fbx using Guid(a9fe087251d05ee479b0ad6bee6a1959) Importer(815301076,1909f56bfc062723c751e8b465ee728b) (PreviewImporter) -> (artifact id: '4e50489f1837615d2eead388b0d070e2') in 0.0189128 seconds
Number of updated asset objects reloaded before import = 0Number of asset objects unloaded after import = 30

========================================================================
Received Import Request.
  Time since last request: 0.000021 seconds.
  path: Assets/Towers/Materials/Cloth_mat.mat
  artifactKey: Guid(c42b5cdfc45a1a942bc65a2e725f6f65) Importer(815301076,1909f56bfc062723c751e8b465ee728b)
Start importing Assets/Towers/Materials/Cloth_mat.mat using Guid(c42b5cdfc45a1a942bc65a2e725f6f65) Importer(815301076,1909f56bfc062723c751e8b465ee728b) (PreviewImporter) -> (artifact id: 'c5c3c1a379bfeb2be0477f6006a3d592') in 0.011537 seconds
Number of updated asset objects reloaded before import = 0Number of asset objects unloaded after import = 24

========================================================================
Received Import Request.
  Time since last request: 0.000023 seconds.
  path: Assets/Towers/Materials/1_Table_Albedo.mat
  artifactKey: Guid(84cbf9caefe436b43bcfe48e00f7bb8d) Importer(815301076,1909f56bfc062723c751e8b465ee728b)
Start importing Assets/Towers/Materials/1_Table_Albedo.mat using Guid(84cbf9caefe436b43bcfe48e00f7bb8d) Importer(815301076,1909f56bfc062723c751e8b465ee728b) (PreviewImporter) -> (artifact id: 'c4d8d7bada7c31067925e3bdf7a38363') in 0.0189069 seconds
Number of updated asset objects reloaded before import = 0Number of asset objects unloaded after import = 26

========================================================================
Received Import Request.
  Time since last request: 0.000019 seconds.
  path: Assets/GeniusCrate_Games/Bathroom_Set/Model/Bathroom_props_set/Bathroom_Props_Set02.fbx
  artifactKey: Guid(4bd9cf01183621d4f9eb694eaa75323f) Importer(815301076,1909f56bfc062723c751e8b465ee728b)
Start importing Assets/GeniusCrate_Games/Bathroom_Set/Model/Bathroom_props_set/Bathroom_Props_Set02.fbx using Guid(4bd9cf01183621d4f9eb694eaa75323f) Importer(815301076,1909f56bfc062723c751e8b465ee728b) (PreviewImporter) -> (artifact id: '162666944f3df5fb4a18aa61b1377cc1') in 0.0717039 seconds
Number of updated asset objects reloaded before import = 0Number of asset objects unloaded after import = 51

========================================================================
Received Import Request.
  Time since last request: 0.000023 seconds.
  path: Assets/GeniusCrate_Games/Bathroom_Set/Model/Bathroom_props_set/Drawer.fbx
  artifactKey: Guid(7d59be885d00cf040b45e5f58a32d3b8) Importer(815301076,1909f56bfc062723c751e8b465ee728b)
Start importing Assets/GeniusCrate_Games/Bathroom_Set/Model/Bathroom_props_set/Drawer.fbx using Guid(7d59be885d00cf040b45e5f58a32d3b8) Importer(815301076,1909f56bfc062723c751e8b465ee728b) (PreviewImporter) -> (artifact id: '9ccaf7ed98901c9357fb7b1bd960527a') in 0.0486882 seconds
Number of updated asset objects reloaded before import = 0Number of asset objects unloaded after import = 40

========================================================================
Received Import Request.
  Time since last request: 0.000027 seconds.
  path: Assets/TopDownEngine/ThirdParty/MoreMountains/MMFeedbacks/Demos/MMFeedbacksDemo/Models/Rock3.fbx
  artifactKey: Guid(e7b8d3e8e58ffc24984b81ddbd5f9c29) Importer(815301076,1909f56bfc062723c751e8b465ee728b)
Start importing Assets/TopDownEngine/ThirdParty/MoreMountains/MMFeedbacks/Demos/MMFeedbacksDemo/Models/Rock3.fbx using Guid(e7b8d3e8e58ffc24984b81ddbd5f9c29) Importer(815301076,1909f56bfc062723c751e8b465ee728b) (PreviewImporter) -> (artifact id: 'b987006993211723245ab7914b6bf8b6') in 0.028526 seconds
Number of updated asset objects reloaded before import = 0Number of asset objects unloaded after import = 30

========================================================================
Received Import Request.
  Time since last request: 0.000029 seconds.
  path: Assets/TopDownEngine/ThirdParty/MoreMountains/MMFeedbacks/Demos/MMFeedbacksDemo/Models/Dude/MMFeedbackDemoDude@Jump.fbx
  artifactKey: Guid(14309b80c23b62044b2e4d8e4017ed68) Importer(815301076,1909f56bfc062723c751e8b465ee728b)
Start importing Assets/TopDownEngine/ThirdParty/MoreMountains/MMFeedbacks/Demos/MMFeedbacksDemo/Models/Dude/MMFeedbackDemoDude@Jump.fbx using Guid(14309b80c23b62044b2e4d8e4017ed68) Importer(815301076,1909f56bfc062723c751e8b465ee728b) (PreviewImporter) -> (artifact id: '1cb87a3dd7e6be9226cfdbd8bbc4bcd8') in 0.0044378 seconds
Number of updated asset objects reloaded before import = 0Number of asset objects unloaded after import = 87

========================================================================
Received Import Request.
  Time since last request: 0.000033 seconds.
  path: Assets/PBR Folding Chairs/Meshes/chFolding.A_LOD1.fbx
  artifactKey: Guid(4fc36cdfd84e6f841b7f575a859b83c8) Importer(815301076,1909f56bfc062723c751e8b465ee728b)
Start importing Assets/PBR Folding Chairs/Meshes/chFolding.A_LOD1.fbx using Guid(4fc36cdfd84e6f841b7f575a859b83c8) Importer(815301076,1909f56bfc062723c751e8b465ee728b) (PreviewImporter) -> (artifact id: '4b8a7667ea65fd1c7eb489afe72a60fb') in 0.0181508 seconds
Number of updated asset objects reloaded before import = 0Number of asset objects unloaded after import = 30

========================================================================
Received Import Request.
  Time since last request: 0.000035 seconds.
  path: Assets/GeniusCrate_Games/Bedroom_Set/Texture Maps/Bedroom_Set/Bed_02/Bed_02.mat
  artifactKey: Guid(ebef700f482c2ef46a423a206036a6fe) Importer(815301076,1909f56bfc062723c751e8b465ee728b)
Start importing Assets/GeniusCrate_Games/Bedroom_Set/Texture Maps/Bedroom_Set/Bed_02/Bed_02.mat using Guid(ebef700f482c2ef46a423a206036a6fe) Importer(815301076,1909f56bfc062723c751e8b465ee728b) (PreviewImporter) -> (artifact id: 'c2fbc900ecb8611adf55f7728f064a75') in 0.0460818 seconds
Number of updated asset objects reloaded before import = 0Number of asset objects unloaded after import = 28

========================================================================
Received Import Request.
  Time since last request: 0.000026 seconds.
  path: Assets/Park Assets/Models/Flower Box.fbx
  artifactKey: Guid(c10c625b7658b5649ab1801f59185fb5) Importer(815301076,1909f56bfc062723c751e8b465ee728b)
Start importing Assets/Park Assets/Models/Flower Box.fbx using Guid(c10c625b7658b5649ab1801f59185fb5) Importer(815301076,1909f56bfc062723c751e8b465ee728b) (PreviewImporter) -> (artifact id: 'b1ff6a303fb4fcafbac96b611942480d') in 0.0144869 seconds
Number of updated asset objects reloaded before import = 0Number of asset objects unloaded after import = 30

========================================================================
Received Import Request.
  Time since last request: 0.000031 seconds.
  path: Assets/Free Wood Door Pack/Texture/Materials/BG.mat
  artifactKey: Guid(a5c25a2d30c5e5f4dab0894bc13d08b9) Importer(815301076,1909f56bfc062723c751e8b465ee728b)
Start importing Assets/Free Wood Door Pack/Texture/Materials/BG.mat using Guid(a5c25a2d30c5e5f4dab0894bc13d08b9) Importer(815301076,1909f56bfc062723c751e8b465ee728b) (PreviewImporter) -> (artifact id: 'b2984f4abeafd222a98459dbf0371106') in 0.0112026 seconds
Number of updated asset objects reloaded before import = 0Number of asset objects unloaded after import = 23

========================================================================
Received Import Request.
  Time since last request: 0.000026 seconds.
  path: Assets/Vegetation_Stylized_Pack_ByLuxArtStudios/Mesh/Bushes/S_Bush_A.fbx
  artifactKey: Guid(241326280365d8e42be386d158e3a658) Importer(815301076,1909f56bfc062723c751e8b465ee728b)
Start importing Assets/Vegetation_Stylized_Pack_ByLuxArtStudios/Mesh/Bushes/S_Bush_A.fbx using Guid(241326280365d8e42be386d158e3a658) Importer(815301076,1909f56bfc062723c751e8b465ee728b) (PreviewImporter) -> (artifact id: 'b1ea4beba4ec9985154802be5e777c2d') in 0.0249403 seconds
Number of updated asset objects reloaded before import = 0Number of asset objects unloaded after import = 31

========================================================================
Received Import Request.
  Time since last request: 0.000022 seconds.
  path: Assets/Park Assets/Models/Lantern.fbx
  artifactKey: Guid(bcc97604cd1444d439d9832cb2a7a778) Importer(815301076,1909f56bfc062723c751e8b465ee728b)
Start importing Assets/Park Assets/Models/Lantern.fbx using Guid(bcc97604cd1444d439d9832cb2a7a778) Importer(815301076,1909f56bfc062723c751e8b465ee728b) (PreviewImporter) -> (artifact id: 'a37ebd1ec3b132ae129c4e7e3407349b') in 0.0131344 seconds
Number of updated asset objects reloaded before import = 0Number of asset objects unloaded after import = 30

========================================================================
Received Import Request.
  Time since last request: 0.000026 seconds.
  path: Assets/Vegetation_Stylized_Pack_ByLuxArtStudios/Mesh/Bushes/S_Fern_B.fbx
  artifactKey: Guid(21be8c1fd74d4e940ba10b268face18a) Importer(815301076,1909f56bfc062723c751e8b465ee728b)
Start importing Assets/Vegetation_Stylized_Pack_ByLuxArtStudios/Mesh/Bushes/S_Fern_B.fbx using Guid(21be8c1fd74d4e940ba10b268face18a) Importer(815301076,1909f56bfc062723c751e8b465ee728b) (PreviewImporter) -> (artifact id: '093562f8bef4abca55640ade13b9a90c') in 0.0196264 seconds
Number of updated asset objects reloaded before import = 0Number of asset objects unloaded after import = 30

========================================================================
Received Import Request.
  Time since last request: 0.000029 seconds.
  path: Assets/GeniusCrate_Games/Bedroom_Set/Material/Bedroom_Set/Bed_Light_mat.mat
  artifactKey: Guid(3d1a1c13d9d02a04187ddc4704403ae8) Importer(815301076,1909f56bfc062723c751e8b465ee728b)
Start importing Assets/GeniusCrate_Games/Bedroom_Set/Material/Bedroom_Set/Bed_Light_mat.mat using Guid(3d1a1c13d9d02a04187ddc4704403ae8) Importer(815301076,1909f56bfc062723c751e8b465ee728b) (PreviewImporter) -> (artifact id: 'ac6d5b9795d825d797987db39eb309dc') in 0.0543077 seconds
Number of updated asset objects reloaded before import = 0Number of asset objects unloaded after import = 32

========================================================================
Received Import Request.
  Time since last request: 0.000041 seconds.
  path: Assets/Park Assets/Models/Gazebo.fbx
  artifactKey: Guid(80b54a05760eba94990a2be93618e0eb) Importer(815301076,1909f56bfc062723c751e8b465ee728b)
Start importing Assets/Park Assets/Models/Gazebo.fbx using Guid(80b54a05760eba94990a2be93618e0eb) Importer(815301076,1909f56bfc062723c751e8b465ee728b) (PreviewImporter) -> (artifact id: 'dca3df7e21169f1e2535f9f7b47adc9c') in 0.0159551 seconds
Number of updated asset objects reloaded before import = 0Number of asset objects unloaded after import = 30

========================================================================
Received Import Request.
  Time since last request: 0.000026 seconds.
  path: Assets/TopDownEngine/ThirdParty/MoreMountains/MMFeedbacks/Demos/MMFeedbacksDemo/Models/MMBurger.fbx
  artifactKey: Guid(10f1060b18f7ba34f92053a256e89d10) Importer(815301076,1909f56bfc062723c751e8b465ee728b)
Start importing Assets/TopDownEngine/ThirdParty/MoreMountains/MMFeedbacks/Demos/MMFeedbacksDemo/Models/MMBurger.fbx using Guid(10f1060b18f7ba34f92053a256e89d10) Importer(815301076,1909f56bfc062723c751e8b465ee728b) (PreviewImporter) -> (artifact id: '98c5052ac5a568892d0c4c45520d61fe') in 0.1481044 seconds
Number of updated asset objects reloaded before import = 0Number of asset objects unloaded after import = 83

========================================================================
Received Import Request.
  Time since last request: 0.000023 seconds.
  path: Assets/Free Wood Door Pack/Materials/Door_Knob_Material/Bronze.mat
  artifactKey: Guid(48bee5de8ccdfc84980f9ffc4dbe44e5) Importer(815301076,1909f56bfc062723c751e8b465ee728b)
Start importing Assets/Free Wood Door Pack/Materials/Door_Knob_Material/Bronze.mat using Guid(48bee5de8ccdfc84980f9ffc4dbe44e5) Importer(815301076,1909f56bfc062723c751e8b465ee728b) (PreviewImporter) -> (artifact id: '7fe50c0f9e28371d342e14af692eee02') in 0.8537517 seconds
Number of updated asset objects reloaded before import = 0Number of asset objects unloaded after import = 26

========================================================================
Received Import Request.
  Time since last request: 0.000032 seconds.
  path: Assets/TopDownEngine/Common/Sprites/Materials/ButtonPromptBackground.mat
  artifactKey: Guid(7f2e5fcfcb70b1e479ed73782440283a) Importer(815301076,1909f56bfc062723c751e8b465ee728b)
Start importing Assets/TopDownEngine/Common/Sprites/Materials/ButtonPromptBackground.mat using Guid(7f2e5fcfcb70b1e479ed73782440283a) Importer(815301076,1909f56bfc062723c751e8b465ee728b) (PreviewImporter) -> (artifact id: '7662485d99e13d78b6b970e4fe7dc700') in 0.0249058 seconds
Number of updated asset objects reloaded before import = 0Number of asset objects unloaded after import = 23

========================================================================
Received Import Request.
  Time since last request: 0.000029 seconds.
  path: Assets/GeniusCrate_Games/Bedroom_Set/Material/Bedroom_Set/Bed_Sheet_pillow.mat
  artifactKey: Guid(3a1bf5df4ee542a46b4c49b712b77d28) Importer(815301076,1909f56bfc062723c751e8b465ee728b)
Start importing Assets/GeniusCrate_Games/Bedroom_Set/Material/Bedroom_Set/Bed_Sheet_pillow.mat using Guid(3a1bf5df4ee542a46b4c49b712b77d28) Importer(815301076,1909f56bfc062723c751e8b465ee728b) (PreviewImporter) -> (artifact id: '26e4b5949daa636f201ca4981a4092ca') in 0.0435226 seconds
Number of updated asset objects reloaded before import = 0Number of asset objects unloaded after import = 33

========================================================================
Received Import Request.
  Time since last request: 0.000021 seconds.
  path: Assets/Towers/Models/SafeTower 1.fbx
  artifactKey: Guid(1dfe51e6181b6954fb941e8609586b98) Importer(815301076,1909f56bfc062723c751e8b465ee728b)
Start importing Assets/Towers/Models/SafeTower 1.fbx using Guid(1dfe51e6181b6954fb941e8609586b98) Importer(815301076,1909f56bfc062723c751e8b465ee728b) (PreviewImporter) -> (artifact id: 'ec2c5baa2ccd79d79a3d27d0688caa9c') in 0.0564398 seconds
Number of updated asset objects reloaded before import = 0Number of asset objects unloaded after import = 54

========================================================================
Received Import Request.
  Time since last request: 0.000670 seconds.
  path: Assets/PBR Folding Chairs/Meshes/chFolding.A_LOD0.fbx
  artifactKey: Guid(37e97f97931e06f4b9318bb7a9fa399d) Importer(815301076,1909f56bfc062723c751e8b465ee728b)
Start importing Assets/PBR Folding Chairs/Meshes/chFolding.A_LOD0.fbx using Guid(37e97f97931e06f4b9318bb7a9fa399d) Importer(815301076,1909f56bfc062723c751e8b465ee728b) (PreviewImporter) -> (artifact id: 'ee32d81897d9f14a9ced208831e3ca77') in 0.0154804 seconds
Number of updated asset objects reloaded before import = 0Number of asset objects unloaded after import = 30

========================================================================
Received Import Request.
  Time since last request: 0.000025 seconds.
  path: Assets/Vegetation_Stylized_Pack_ByLuxArtStudios/Mesh/Bushes/S_Bush_C.fbx
  artifactKey: Guid(f3a0a064c7c5c474a96f4d9cb70a4871) Importer(815301076,1909f56bfc062723c751e8b465ee728b)
Start importing Assets/Vegetation_Stylized_Pack_ByLuxArtStudios/Mesh/Bushes/S_Bush_C.fbx using Guid(f3a0a064c7c5c474a96f4d9cb70a4871) Importer(815301076,1909f56bfc062723c751e8b465ee728b) (PreviewImporter) -> (artifact id: '0be70a734dfb1709275e439a7f63febf') in 0.0282062 seconds
Number of updated asset objects reloaded before import = 0Number of asset objects unloaded after import = 32

========================================================================
Received Import Request.
  Time since last request: 0.000028 seconds.
  path: Packages/com.unity.render-pipelines.universal/Shaders/Debug/ProbeSamplingDebugMesh.fbx
  artifactKey: Guid(57d7c4c16e2765b47a4d2069b311bffe) Importer(815301076,1909f56bfc062723c751e8b465ee728b)
Start importing Packages/com.unity.render-pipelines.universal/Shaders/Debug/ProbeSamplingDebugMesh.fbx using Guid(57d7c4c16e2765b47a4d2069b311bffe) Importer(815301076,1909f56bfc062723c751e8b465ee728b) (PreviewImporter) -> (artifact id: '2cfc71557d2b629d142e03bd77436eed') in 0.0153034 seconds
Number of updated asset objects reloaded before import = 0Number of asset objects unloaded after import = 30

========================================================================
Received Import Request.
  Time since last request: 0.000025 seconds.
  path: Assets/Vegetation_Stylized_Pack_ByLuxArtStudios/Mesh/Bushes/S_Clovers_A.fbx
  artifactKey: Guid(73ae54d875be73d4d8f0c6fb2dc8ccc6) Importer(815301076,1909f56bfc062723c751e8b465ee728b)
Start importing Assets/Vegetation_Stylized_Pack_ByLuxArtStudios/Mesh/Bushes/S_Clovers_A.fbx using Guid(73ae54d875be73d4d8f0c6fb2dc8ccc6) Importer(815301076,1909f56bfc062723c751e8b465ee728b) (PreviewImporter) -> (artifact id: 'a242744a2140845545732d82b47878cb') in 0.0209901 seconds
Number of updated asset objects reloaded before import = 0Number of asset objects unloaded after import = 30

========================================================================
Received Import Request.
  Time since last request: 0.000027 seconds.
  path: Packages/com.unity.render-pipelines.universal/Shaders/AutodeskInteractive/AutodeskInteractive.shadergraph
  artifactKey: Guid(0e9d5a909a1f7e84882a534d0d11e49f) Importer(815301076,1909f56bfc062723c751e8b465ee728b)
Start importing Packages/com.unity.render-pipelines.universal/Shaders/AutodeskInteractive/AutodeskInteractive.shadergraph using Guid(0e9d5a909a1f7e84882a534d0d11e49f) Importer(815301076,1909f56bfc062723c751e8b465ee728b) (PreviewImporter) -> (artifact id: 'b5e07493c75c69deef3fc34bb748bcf5') in 0.0461644 seconds
Number of updated asset objects reloaded before import = 0Number of asset objects unloaded after import = 26

========================================================================
Received Import Request.
  Time since last request: 0.000046 seconds.
  path: Assets/GeniusCrate_Games/Bedroom_Set/Texture Maps/Bedroom_Set/Bed_03/Materials/Bed_sheet_pillow_AO.mat
  artifactKey: Guid(173dce9d682af504f93162c88ee6131e) Importer(815301076,1909f56bfc062723c751e8b465ee728b)
Start importing Assets/GeniusCrate_Games/Bedroom_Set/Texture Maps/Bedroom_Set/Bed_03/Materials/Bed_sheet_pillow_AO.mat using Guid(173dce9d682af504f93162c88ee6131e) Importer(815301076,1909f56bfc062723c751e8b465ee728b) (PreviewImporter) -> (artifact id: '56e9a8661431eef62be09b595872dcfc') in 0.0108537 seconds
Number of updated asset objects reloaded before import = 0Number of asset objects unloaded after import = 23

========================================================================
Received Import Request.
  Time since last request: 0.000058 seconds.
  path: Assets/Free Wood Door Pack/Mesh/Knob_3.FBX
  artifactKey: Guid(bcf2f716d78860f45ba4cda490856ec0) Importer(815301076,1909f56bfc062723c751e8b465ee728b)
Start importing Assets/Free Wood Door Pack/Mesh/Knob_3.FBX using Guid(bcf2f716d78860f45ba4cda490856ec0) Importer(815301076,1909f56bfc062723c751e8b465ee728b) (PreviewImporter) -> (artifact id: '231c5c023ca2bf4724104077832e831e') in 0.0193771 seconds
Number of updated asset objects reloaded before import = 0Number of asset objects unloaded after import = 30

========================================================================
Received Import Request.
  Time since last request: 0.000025 seconds.
  path: Assets/Free Wood Door Pack/Mesh/Knob_1.FBX
  artifactKey: Guid(61da1afafe7ba6d4d87fd529947cb422) Importer(815301076,1909f56bfc062723c751e8b465ee728b)
Start importing Assets/Free Wood Door Pack/Mesh/Knob_1.FBX using Guid(61da1afafe7ba6d4d87fd529947cb422) Importer(815301076,1909f56bfc062723c751e8b465ee728b) (PreviewImporter) -> (artifact id: 'a3858377b0c19d6a2933260573cdf3c7') in 0.0170484 seconds
Number of updated asset objects reloaded before import = 0Number of asset objects unloaded after import = 30

========================================================================
Received Import Request.
  Time since last request: 0.000032 seconds.
  path: Assets/GeniusCrate_Games/Bedroom_Set/Model/Bedroom_Set/Curtain.fbx
  artifactKey: Guid(dac75daac53f3e4499bc824e0bc109d6) Importer(815301076,1909f56bfc062723c751e8b465ee728b)
Start importing Assets/GeniusCrate_Games/Bedroom_Set/Model/Bedroom_Set/Curtain.fbx using Guid(dac75daac53f3e4499bc824e0bc109d6) Importer(815301076,1909f56bfc062723c751e8b465ee728b) (PreviewImporter) -> (artifact id: '608cc64c1acdd6cfe972f6b2a3049331') in 0.062145 seconds
Number of updated asset objects reloaded before import = 0Number of asset objects unloaded after import = 41

========================================================================
Received Import Request.
  Time since last request: 0.000024 seconds.
  path: Assets/TopDownEngine/ThirdParty/MoreMountains/MMFeedbacks/Demos/MMFeedbacksDemo/Models/Dude/MMFeedbackDemoDude@Idle.fbx
  artifactKey: Guid(b2fccabcb9892894a8720b37575d77ad) Importer(815301076,1909f56bfc062723c751e8b465ee728b)
Start importing Assets/TopDownEngine/ThirdParty/MoreMountains/MMFeedbacks/Demos/MMFeedbacksDemo/Models/Dude/MMFeedbackDemoDude@Idle.fbx using Guid(b2fccabcb9892894a8720b37575d77ad) Importer(815301076,1909f56bfc062723c751e8b465ee728b) (PreviewImporter) -> (artifact id: 'c6c02d84f3847333f54823758b4f90f2') in 0.0039454 seconds
Number of updated asset objects reloaded before import = 0Number of asset objects unloaded after import = 87

========================================================================
Received Import Request.
  Time since last request: 0.000023 seconds.
  path: Assets/Vegetation_Stylized_Pack_ByLuxArtStudios/Mesh/Bushes/S_Cattail_B.fbx
  artifactKey: Guid(3e144e2f3cc0535429ae9dba505adceb) Importer(815301076,1909f56bfc062723c751e8b465ee728b)
Start importing Assets/Vegetation_Stylized_Pack_ByLuxArtStudios/Mesh/Bushes/S_Cattail_B.fbx using Guid(3e144e2f3cc0535429ae9dba505adceb) Importer(815301076,1909f56bfc062723c751e8b465ee728b) (PreviewImporter) -> (artifact id: '90281c0e5d6c9a1c538c94c7030756a1') in 0.01751 seconds
Number of updated asset objects reloaded before import = 0Number of asset objects unloaded after import = 30

========================================================================
Received Import Request.
  Time since last request: 0.000025 seconds.
  path: Assets/PBR Folding Chairs/Materials/chFolding.A4.mat
  artifactKey: Guid(9b5ab3f6f2d3a6b488f64305724a87e0) Importer(815301076,1909f56bfc062723c751e8b465ee728b)
Start importing Assets/PBR Folding Chairs/Materials/chFolding.A4.mat using Guid(9b5ab3f6f2d3a6b488f64305724a87e0) Importer(815301076,1909f56bfc062723c751e8b465ee728b) (PreviewImporter) -> (artifact id: '53ee4e5d85c75fabf05bbca305ea55fd') in 0.0191724 seconds
Number of updated asset objects reloaded before import = 0Number of asset objects unloaded after import = 26

========================================================================
Received Import Request.
  Time since last request: 0.000037 seconds.
  path: Assets/TopDownEngine/ThirdParty/MoreMountains/MMTools/Demos/MMGhostCamera/Models/MMGhostCameraCity.fbx
  artifactKey: Guid(00cafe0a18485bf4986d87092f3b2c63) Importer(815301076,1909f56bfc062723c751e8b465ee728b)
Start importing Assets/TopDownEngine/ThirdParty/MoreMountains/MMTools/Demos/MMGhostCamera/Models/MMGhostCameraCity.fbx using Guid(00cafe0a18485bf4986d87092f3b2c63) Importer(815301076,1909f56bfc062723c751e8b465ee728b) (PreviewImporter) -> (artifact id: 'db73154a66061901ee920da11de3e0b8') in 0.0958311 seconds
Number of updated asset objects reloaded before import = 0Number of asset objects unloaded after import = 61

========================================================================
Received Import Request.
  Time since last request: 0.000053 seconds.
  path: Assets/Vegetation_Stylized_Pack_ByLuxArtStudios/Mesh/Bushes/S_Bush_B.fbx
  artifactKey: Guid(3d5e285991edcae4d8731dc7ae0afe4b) Importer(815301076,1909f56bfc062723c751e8b465ee728b)
Start importing Assets/Vegetation_Stylized_Pack_ByLuxArtStudios/Mesh/Bushes/S_Bush_B.fbx using Guid(3d5e285991edcae4d8731dc7ae0afe4b) Importer(815301076,1909f56bfc062723c751e8b465ee728b) (PreviewImporter) -> (artifact id: '8786f5f7b0ca7a893a7c544daa664a53') in 0.022367 seconds
Number of updated asset objects reloaded before import = 0Number of asset objects unloaded after import = 31

========================================================================
Received Import Request.
  Time since last request: 0.000031 seconds.
  path: Assets/Park Assets/Models/Bush.fbx
  artifactKey: Guid(5c81e9317993fba43afcf431416cf177) Importer(815301076,1909f56bfc062723c751e8b465ee728b)
Start importing Assets/Park Assets/Models/Bush.fbx using Guid(5c81e9317993fba43afcf431416cf177) Importer(815301076,1909f56bfc062723c751e8b465ee728b) (PreviewImporter) -> (artifact id: 'ed2d6139aaed4dfe83e2caf15417f886') in 0.017896 seconds
Number of updated asset objects reloaded before import = 0Number of asset objects unloaded after import = 30

========================================================================
Received Import Request.
  Time since last request: 0.000022 seconds.
  path: Assets/GeniusCrate_Games/Bedroom_Set/Material/Bedroom_Set/ceiling_fan_mat.mat
  artifactKey: Guid(8a80f353b92fa7c44a4d14d169655d54) Importer(815301076,1909f56bfc062723c751e8b465ee728b)
Start importing Assets/GeniusCrate_Games/Bedroom_Set/Material/Bedroom_Set/ceiling_fan_mat.mat using Guid(8a80f353b92fa7c44a4d14d169655d54) Importer(815301076,1909f56bfc062723c751e8b465ee728b) (PreviewImporter) -> (artifact id: '4955f265f0553b72785cb1f4131cb608') in 0.0520969 seconds
Number of updated asset objects reloaded before import = 0Number of asset objects unloaded after import = 34

========================================================================
Received Import Request.
  Time since last request: 0.000026 seconds.
  path: Assets/TopDownEngine/ThirdParty/MoreMountains/MMFeedbacks/Demos/MMFeedbacksDemo/Models/MMCupcake.fbx
  artifactKey: Guid(9b87c0dd981e72b4abff6b56929b3e68) Importer(815301076,1909f56bfc062723c751e8b465ee728b)
Start importing Assets/TopDownEngine/ThirdParty/MoreMountains/MMFeedbacks/Demos/MMFeedbacksDemo/Models/MMCupcake.fbx using Guid(9b87c0dd981e72b4abff6b56929b3e68) Importer(815301076,1909f56bfc062723c751e8b465ee728b) (PreviewImporter) -> (artifact id: 'b4e7a7354e3444bf85e73807d5363e9e') in 0.108772 seconds
Number of updated asset objects reloaded before import = 0Number of asset objects unloaded after import = 61

========================================================================
Received Import Request.
  Time since last request: 0.000031 seconds.
  path: Assets/GeniusCrate_Games/Bathroom_Set/Material/Bathroom_set/Bathroom_Props_set01_mat.mat
  artifactKey: Guid(9adda2b7acac9e94aad4b8f92b33b53a) Importer(815301076,1909f56bfc062723c751e8b465ee728b)
Start importing Assets/GeniusCrate_Games/Bathroom_Set/Material/Bathroom_set/Bathroom_Props_set01_mat.mat using Guid(9adda2b7acac9e94aad4b8f92b33b53a) Importer(815301076,1909f56bfc062723c751e8b465ee728b) (PreviewImporter) -> (artifact id: '7c1f4a963a3d127256aac9f5a30d44fc') in 0.0687727 seconds
Number of updated asset objects reloaded before import = 0Number of asset objects unloaded after import = 33

========================================================================
Received Import Request.
  Time since last request: 0.000034 seconds.
  path: Assets/GeniusCrate_Games/Bedroom_Set/Model/Bedroom_Set/Ceiling_Fan.fbx
  artifactKey: Guid(cb1ead2eebe6a1b4795c4a772aee5731) Importer(815301076,1909f56bfc062723c751e8b465ee728b)
Start importing Assets/GeniusCrate_Games/Bedroom_Set/Model/Bedroom_Set/Ceiling_Fan.fbx using Guid(cb1ead2eebe6a1b4795c4a772aee5731) Importer(815301076,1909f56bfc062723c751e8b465ee728b) (PreviewImporter) -> (artifact id: '1f1defd54e6d12bac4cb023c82466aff') in 0.0625272 seconds
Number of updated asset objects reloaded before import = 0Number of asset objects unloaded after import = 45

========================================================================
Received Import Request.
  Time since last request: 0.000025 seconds.
  path: Assets/Park Assets/Models/Cloud.fbx
  artifactKey: Guid(94c5b8c2b91db584f92d250c3ea40652) Importer(815301076,1909f56bfc062723c751e8b465ee728b)
Start importing Assets/Park Assets/Models/Cloud.fbx using Guid(94c5b8c2b91db584f92d250c3ea40652) Importer(815301076,1909f56bfc062723c751e8b465ee728b) (PreviewImporter) -> (artifact id: 'ca926ece904d2f7993c8fa2e877802fd') in 0.0158153 seconds
Number of updated asset objects reloaded before import = 0Number of asset objects unloaded after import = 30

========================================================================
Received Import Request.
  Time since last request: 0.000025 seconds.
  path: Assets/Park Assets/Models/Grass_01.fbx
  artifactKey: Guid(164443ba96beb14469c74db2e920ecb0) Importer(815301076,1909f56bfc062723c751e8b465ee728b)
Start importing Assets/Park Assets/Models/Grass_01.fbx using Guid(164443ba96beb14469c74db2e920ecb0) Importer(815301076,1909f56bfc062723c751e8b465ee728b) (PreviewImporter) -> (artifact id: '8d4ac2a3bdad51edccba494afd969d83') in 0.0152223 seconds
Number of updated asset objects reloaded before import = 0Number of asset objects unloaded after import = 30

========================================================================
Received Import Request.
  Time since last request: 0.000027 seconds.
  path: Packages/com.unity.render-pipelines.universal/Shaders/AutodeskInteractive/AutodeskInteractiveMasked.shadergraph
  artifactKey: Guid(80aa867ac363ac043847b06ad71604cd) Importer(815301076,1909f56bfc062723c751e8b465ee728b)
Start importing Packages/com.unity.render-pipelines.universal/Shaders/AutodeskInteractive/AutodeskInteractiveMasked.shadergraph using Guid(80aa867ac363ac043847b06ad71604cd) Importer(815301076,1909f56bfc062723c751e8b465ee728b) (PreviewImporter) -> (artifact id: 'c1742c2369ba8a10a3465e9cc46682eb') in 1.3400816 seconds
Number of updated asset objects reloaded before import = 0Number of asset objects unloaded after import = 26

Editor requested this worker to shutdown with reason: Scaling down because of idle timeout
AssetImportWorker is now disconnected from the server
Process exiting
Exiting without the bug reporter. Application will terminate with return code 0